exports[`test should have converted all methods to functions 1`] = `
Array [
  "add",
  "asImmutable",
  "asMutable",
  "butLast",
  "cacheResult",
  "chain",
  "clear",
  "concat",
  "contains",
  "count",
  "countBy",
  "deleteIn",
  "entries",
  "entrySeq",
  "equals",
  "every",
  "filter",
  "filterNot",
  "find",
  "findEntry",
  "findIndex",
  "findKey",
  "findLast",
  "findLastEntry",
  "findLastIndex",
  "findLastKey",
  "first",
  "flatMap",
  "flatten",
  "flip",
  "forEach",
  "fromEntrySeq",
  "get",
  "getIn",
  "groupBy",
  "has",
  "hasIn",
  "hashCode",
  "includes",
  "indexOf",
  "insert",
  "inspect",
  "interleave",
  "interpose",
  "intersect",
  "isEmpty",
  "isSubset",
  "isSuperset",
  "join",
  "keyOf",
  "keySeq",
  "keys",
  "last",
  "lastIndexOf",
  "lastKeyOf",
  "map",
  "mapEntries",
  "mapKeys",
  "max",
  "maxBy",
  "merge",
  "mergeDeep",
  "mergeDeepIn",
  "mergeDeepWith",
  "mergeIn",
  "mergeWith",
  "min",
  "minBy",
  "peek",
  "pop",
  "push",
  "pushAll",
  "reduce",
  "reduceRight",
  "remove",
  "removeIn",
  "rest",
  "reverse",
  "set",
  "setIn",
  "setSize",
  "shift",
  "skip",
  "skipLast",
  "skipUntil",
  "skipWhile",
  "slice",
  "some",
  "sort",
  "sortBy",
  "splice",
  "subtract",
  "take",
  "takeLast",
  "takeUntil",
  "takeWhile",
  "toArray",
  "toIndexedSeq",
  "toJS",
  "toJSON",
  "toKeyedSeq",
  "toList",
  "toMap",
  "toObject",
  "toOrderedMap",
  "toOrderedSet",
  "toSeq",
  "toSet",
  "toSetSeq",
  "toSource",
  "toStack",
  "toString",
  "union",
  "unshift",
  "unshiftAll",
  "update",
  "updateIn",
  "valueSeq",
  "values",
  "wasAltered",
  "withMutations",
  "zip",
  "zipWith",
]
`;
